DONE navigation_only_sig005 V13 s3 87s 08:55:22
DONE navigation_only_sig005 V13 s4 76s 08:56:38
DONE navigation_only_sig005 V13 s5 77s 08:57:55
DONE navigation_only_sig005 GSLQR s3 14s 08:58:09
DONE navigation_only_sig005 GSLQR s5 14s 08:58:23
DONE navigation_only_sig005 F13 s3 253s 09:02:36
DONE navigation_only_sig005 F13 s4 248s 09:06:44
DONE navigation_only_sig005 F13 s5 249s 09:10:53
DONE navigation_only_sig005 M17 s3 564s 09:20:17
DONE navigation_only_sig005 M17 s4 566s 09:29:43
DONE navigation_only_sig005 M17 s5 566s 09:39:09
DONE full_sig005 V13 s3 84s 09:40:33
DONE full_sig005 V13 s4 74s 09:41:47
DONE full_sig005 V13 s5 73s 09:43:00
DONE full_sig005 GSLQR s3 14s 09:43:14
DONE full_sig005 GSLQR s4 13s 09:43:27
DONE full_sig005 GSLQR s5 14s 09:43:41
DONE full_sig005 F13 s3 251s 09:47:52
DONE full_sig005 F13 s4 311s 09:53:03
DONE full_sig005 F13 s5 1254s 10:13:57
DONE full_sig005 M17 s3 624s 10:24:21
DONE full_sig005 M17 s4 622s 10:34:43
DONE full_sig005 M17 s5 607s 10:44:50
DONE baro_only V13 s3 74s 10:46:04
DONE baro_only V13 s4 75s 10:47:19
DONE baro_only V13 s5 74s 10:48:33
DONE baro_only GSLQR s3 13s 10:48:46
DONE baro_only GSLQR s5 12s 10:48:58
DONE baro_only F13 s3 256s 10:53:14
DONE baro_only F13 s4 258s 10:57:32
DONE baro_only F13 s5 254s 11:01:46
DONE gnss_only V13 s3 75s 11:03:01
DONE gnss_only V13 s4 74s 11:04:15
DONE gnss_only V13 s5 72s 11:05:27
DONE gnss_only GSLQR s3 13s 11:05:40
DONE gnss_only GSLQR s4 13s 11:05:53
DONE gnss_only GSLQR s5 13s 11:06:06
DONE gnss_only F13 s3 320s 11:11:26
DONE gnss_only F13 s4 250s 11:15:36
DONE gnss_only F13 s5 249s 11:19:45
ALL DONE 11:19:45
