DONE full V13 s3 none rc=1 107s 00:35:21
DONE full V13 s4 none rc=1 105s 00:37:06
DONE full V13 s5 none rc=1 103s 00:38:49
DONE full F13 s3 none rc=1 346s 00:44:35
DONE full F13 s4 none rc=1 300s 00:49:35
DONE full F13 s5 none rc=1 341s 00:55:16
DONE full M17 s3 none rc=1 672s 01:06:28
DONE full M17 s4 none rc=1 604s 01:16:32
DONE full M17 s5 none rc=1 589s 01:26:21
DONE full GSLQR s3 none rc=1 14s 01:26:35
DONE full GSLQR s4 none rc=1 14s 01:26:49
DONE full GSLQR s5 none rc=1 13s 01:27:02
DONE full CPID s4 none rc=1 17s 01:27:19
DONE full CPID s5 none rc=1 17s 01:27:36
DONE imu_only V13 s3 none rc=1 71s 01:28:47
DONE imu_only V13 s4 none rc=1 71s 01:29:58
DONE imu_only V13 s5 none rc=1 71s 01:31:09
DONE imu_only F13 s3 none rc=1 248s 01:35:17
DONE imu_only F13 s4 none rc=1 247s 01:39:24
DONE imu_only F13 s5 none rc=1 244s 01:43:28
DONE imu_only M17 s3 none rc=1 565s 01:52:53
DONE imu_only M17 s4 none rc=1 566s 02:02:19
DONE imu_only M17 s5 none rc=1 565s 02:11:44
DONE imu_only GSLQR s3 none rc=1 12s 02:11:56
DONE imu_only GSLQR s4 none rc=1 12s 02:12:08
DONE imu_only GSLQR s5 none rc=1 12s 02:12:20
DONE imu_only CPID s3 none rc=1 14s 02:12:34
DONE imu_only CPID s4 none rc=1 17s 02:12:51
DONE imu_only CPID s5 none rc=1 15s 02:13:06
DONE navigation_only V13 s3 none rc=1 73s 02:14:19
DONE navigation_only V13 s4 none rc=1 73s 02:15:32
DONE navigation_only V13 s5 none rc=1 73s 02:16:45
DONE navigation_only F13 s3 none rc=1 247s 02:20:52
DONE navigation_only F13 s4 none rc=1 249s 02:25:01
DONE navigation_only F13 s5 none rc=1 245s 02:29:06
DONE navigation_only M17 s3 none rc=1 572s 02:38:38
DONE navigation_only M17 s4 none rc=1 572s 02:48:10
DONE navigation_only M17 s5 none rc=1 568s 02:57:38
DONE navigation_only GSLQR s3 none rc=1 14s 02:57:52
DONE navigation_only GSLQR s4 none rc=1 13s 02:58:05
DONE navigation_only GSLQR s5 none rc=1 14s 02:58:19
DONE navigation_only CPID s3 none rc=1 16s 02:58:35
DONE navigation_only CPID s4 none rc=1 17s 02:58:52
DONE navigation_only CPID s5 none rc=1 16s 02:59:08
DONE rotor_only V13 s3 none rc=1 71s 03:00:19
DONE rotor_only V13 s4 none rc=1 72s 03:01:31
DONE rotor_only V13 s5 none rc=1 71s 03:02:42
DONE rotor_only F13 s3 none rc=1 247s 03:06:49
DONE rotor_only F13 s4 none rc=1 246s 03:10:55
DONE rotor_only F13 s5 none rc=1 246s 03:15:01
DONE rotor_only M17 s3 none rc=1 562s 03:24:24
DONE rotor_only M17 s4 none rc=1 566s 03:33:50
DONE rotor_only M17 s5 none rc=1 566s 03:43:16
DONE rotor_only GSLQR s3 none rc=1 13s 03:43:29
DONE rotor_only GSLQR s4 none rc=1 12s 03:43:41
DONE rotor_only GSLQR s5 none rc=1 12s 03:43:53
DONE rotor_only CPID s3 none rc=1 15s 03:44:08
DONE rotor_only CPID s4 none rc=1 15s 03:44:23
DONE rotor_only CPID s5 none rc=1 15s 03:44:38
DONE quiet_sampled V13 s3 none rc=1 71s 03:45:49
DONE quiet_sampled F13 s3 none rc=1 247s 03:49:56
DONE quiet_sampled M17 s3 none rc=1 570s 03:59:26
DONE quiet_sampled GSLQR s3 none rc=1 12s 03:59:38
DONE quiet_sampled CPID s3 none rc=1 15s 03:59:53
DONE full V13 s3 fallback_hold rc=1 73s 04:01:06
DONE full V13 s4 fallback_hold rc=1 73s 04:02:19
DONE full V13 s5 fallback_hold rc=1 73s 04:03:32
DONE full F13 s3 fallback_hold rc=1 248s 04:07:40
DONE full F13 s4 fallback_hold rc=1 248s 04:11:48
DONE full F13 s5 fallback_hold rc=1 248s 04:15:56
ALL DONE 04:15:56
