Results: /Users/kj/Desktop/dynamic/fast_drone-arena/results/validation/arena_20260926T162218707962Z
Running mission_VH / GSLQR
  ScheduledLQR: 18/18 속도점 유효 (격자 0~85 m/s)
  suite pass=False paper_fail=True t=46.17s reasons=['incomplete', 'simulation_error', 'altitude_error', 'velocity_error', 'omega_peak', 'final_hover_not_settled', 'propulsion_model_domain']
Skipping mission_VH / CPID: outside design region 0-20 m/s (scenario reaches 85 m/s)
Running gust_lateral_p10_VH / GSLQR
  suite pass=True paper_fail=False t=12s reasons=[]
Skipping gust_lateral_p10_VH / CPID: outside design region 0-20 m/s (scenario reaches 85 m/s)
Running gust_vertical_m5_VH / GSLQR
  suite pass=True paper_fail=False t=12s reasons=[]
Skipping gust_vertical_m5_VH / CPID: outside design region 0-20 m/s (scenario reaches 85 m/s)
Running ref_accel_0_VH_rho1 / GSLQR
  suite pass=False paper_fail=True t=7.498s reasons=['incomplete', 'simulation_error', 'altitude_error', 'velocity_error', 'final_hover_not_settled', 'propulsion_model_domain']
Skipping ref_accel_0_VH_rho1 / CPID: outside design region 0-20 m/s (scenario reaches 85 m/s)
Running ref_brake_VH_VL_rho1 / GSLQR
  suite pass=True paper_fail=False t=52.1s reasons=[]
Skipping ref_brake_VH_VL_rho1 / CPID: outside design region 0-20 m/s (scenario reaches 85 m/s)
Running mission_VH_mass1.3 / GSLQR
  suite pass=False paper_fail=True t=45.51s reasons=['incomplete', 'simulation_error', 'altitude_error', 'velocity_error', 'omega_peak', 'final_hover_not_settled', 'propulsion_model_domain']
Skipping mission_VH_mass1.3 / CPID: outside design region 0-20 m/s (scenario reaches 85 m/s)
Running mission_VH_tau2 / GSLQR
  suite pass=False paper_fail=True t=46.156s reasons=['incomplete', 'simulation_error', 'altitude_error', 'velocity_error', 'omega_peak', 'final_hover_not_settled', 'propulsion_model_domain']
Skipping mission_VH_tau2 / CPID: outside design region 0-20 m/s (scenario reaches 85 m/s)
Running gust_lateral_p10_VL / GSLQR
  suite pass=True paper_fail=False t=12s reasons=[]
Running gust_lateral_p10_VL / CPID
  suite pass=False paper_fail=True t=12s reasons=['altitude_error', 'velocity_error', 'gust_not_recovered', 'propulsion_model_domain']
Running gust_vertical_m5_VL / GSLQR
  suite pass=True paper_fail=False t=12s reasons=[]
Running gust_vertical_m5_VL / CPID
  suite pass=True paper_fail=False t=12s reasons=[]
exit 0
