  ScheduledLQR: 18/18 속도점 유효 (격자 0~85 m/s)
[1] reference/main_ref_brake_VH_rho0.8/GSLQR: True
[1] reference/main_ref_brake_VH_rho1/GSLQR: True
[1] reference/main_ref_brake_VH_rho1.5/GSLQR: False
[1] gust/main_gust_lateral_+5_V_L/CPID: True
[1] gust/main_gust_vertical_-5_V_L/CPID: True
[1] reference/main_ref_accel_VL_rho0.5/CPID: False
[1] reference/main_ref_accel_VH_rho0.8/GSLQR: True
[1] reference/main_ref_accel_VL_rho1.2/CPID: False
  ScheduledLQR: 18/18 속도점 유효 (격자 0~85 m/s)
[1] gust/main_gust_lateral_+10_V_L/GSLQR: True
[1] gust/main_gust_lateral_+5_V_L/GSLQR: True
[1] gust/main_gust_vertical_+5_V_L/GSLQR: True
[1] gust/main_gust_vertical_-5_V_L/GSLQR: True
[1] reference/main_ref_accel_VH_rho1/GSLQR: False
[1] reference/main_ref_accel_VH_rho1.5/GSLQR: False
[1] reference/main_ref_accel_VL_rho0.8/GSLQR: False
[1] reference/main_ref_accel_VL_rho1.2/GSLQR: False
[1] gust/main_gust_lateral_+10_V_H/CPID: SKIP outside design region 0-20 m/s (scenario reaches 85 m/s)
[1] gust/main_gust_lateral_+5_V_H/CPID: SKIP outside design region 0-20 m/s (scenario reaches 85 m/s)
[1] gust/main_gust_vertical_+5_V_H/CPID: SKIP outside design region 0-20 m/s (scenario reaches 85 m/s)
[1] gust/main_gust_vertical_-5_V_H/CPID: SKIP outside design region 0-20 m/s (scenario reaches 85 m/s)
[1] reference/main_ref_accel_VH_rho0.5/CPID: SKIP outside design region 0-20 m/s (scenario reaches 85 m/s)
[1] reference/main_ref_accel_VH_rho0.8/CPID: SKIP outside design region 0-20 m/s (scenario reaches 85 m/s)
[1] reference/main_ref_accel_VH_rho1.2/CPID: SKIP outside design region 0-20 m/s (scenario reaches 85 m/s)
[1] reference/main_ref_accel_VH_rho1.5/CPID: SKIP outside design region 0-20 m/s (scenario reaches 85 m/s)
[1] reference/main_ref_accel_VH_rho1/CPID: SKIP outside design region 0-20 m/s (scenario reaches 85 m/s)
[1] reference/main_ref_brake_VH_rho0.5/CPID: SKIP outside design region 0-20 m/s (scenario reaches 85 m/s)
[1] reference/main_ref_brake_VH_rho0.8/CPID: SKIP outside design region 0-20 m/s (scenario reaches 85 m/s)
[1] reference/main_ref_brake_VH_rho1.2/CPID: SKIP outside design region 0-20 m/s (scenario reaches 85 m/s)
[1] reference/main_ref_brake_VH_rho1.5/CPID: SKIP outside design region 0-20 m/s (scenario reaches 85 m/s)
[1] reference/main_ref_brake_VH_rho1/CPID: SKIP outside design region 0-20 m/s (scenario reaches 85 m/s)
